
In SA-shellcheck-001 line 82:
    SA_TEST_CASES=$(ls -1 | grep "^SA" | grep -v "\.")
                    ^-- SC2010: Don't use ls | grep. Use a glob or a for loop with a condition to allow non-alphanumeric filenames.


In SA-shellcheck-001 line 84:
    NO_TEST_CASES=$(ls -1 | grep "^SA" | grep -v "\." -c)
                    ^-- SC2010: Don't use ls | grep. Use a glob or a for loop with a condition to allow non-alphanumeric filenames.


In SA-shellcheck-001 line 123:
    FVT_TEST_CASES=$(ls -1 | grep "^FVT" | grep -v "\.")
                     ^-- SC2010: Don't use ls | grep. Use a glob or a for loop with a condition to allow non-alphanumeric filenames.


In SA-shellcheck-001 line 125:
    NO_TEST_CASES=$(ls -1 | grep "^FVT" | grep -v "\." -c)
                    ^-- SC2010: Don't use ls | grep. Use a glob or a for loop with a condition to allow non-alphanumeric filenames.

